Lab02_intrpt.c:44:5:main	8	static
Lab02_intrpt.c:78:6:task1_reg_update	8	static
Lab02_intrpt.c:87:6:t4_init	8	static
Lab02_intrpt.c:92:6:t4_update	32	static
Lab02_intrpt.c:141:6:blinkScreen	8	static
Lab02_intrpt.c:159:6:Init_Timer	4	static,ignoring_inline_asm
Lab02_intrpt.c:190:6:Init_GPIO_EXTI8	4	static,ignoring_inline_asm
Lab02_intrpt.c:230:6:TIM6_DAC_IRQHandler	8	static,ignoring_inline_asm
Lab02_intrpt.c:256:6:EXTI9_5_IRQHandler	4	static,ignoring_inline_asm
Lab02_intrpt.c:266:6:xxx_IRQHandler	4	static
Lab02_intrpt.c:270:6:HAL_GPIO_EXTI_Callback	16	static
