Lab02_intrpt.c:42:5:main	8	static
Lab02_intrpt.c:86:6:task1_reg_update	8	static
Lab02_intrpt.c:95:6:t4_init	8	static
Lab02_intrpt.c:101:6:t4_update	32	static
Lab02_intrpt.c:149:6:blinkScreen	8	static
Lab02_intrpt.c:167:6:Init_Timer	4	static,ignoring_inline_asm
Lab02_intrpt.c:195:6:Init_GPIO_EXTI8	4	static,ignoring_inline_asm
Lab02_intrpt.c:235:6:TIM6_DAC_IRQHandler	8	static,ignoring_inline_asm
Lab02_intrpt.c:259:6:EXTI9_5_IRQHandler	4	static,ignoring_inline_asm
Lab02_intrpt.c:269:6:xxx_IRQHandler	4	static
Lab02_intrpt.c:273:6:HAL_GPIO_EXTI_Callback	16	static
